// Jest Snapshot v1, https://goo.gl/fbAQLP

exports[`CardDisplay.vue should render correctly 1`] = `
<div
  class="h-100"
>
  <div
    id="l-card-image"
  >
    <svg
      aria-hidden="true"
      class="l-prev animated infinite bounceLeft faster svg-inline--fa fa-caret-left fa-w-6 fa-3x"
      data-icon="caret-left"
      data-prefix="fas"
      focusable="false"
      role="img"
      viewBox="0 0 192 512"
      xmlns="http://www.w3.org/2000/svg"
    >
      <path
        class=""
        d="M192 127.338v257.324c0 17.818-21.543 26.741-34.142 14.142L29.196 270.142c-7.81-7.81-7.81-20.474 0-28.284l128.662-128.662c12.599-12.6 34.142-3.676 34.142 14.142z"
        fill="currentColor"
      />
    </svg>
     
    <svg
      aria-hidden="true"
      class="l-next animated infinite bounceRight faster svg-inline--fa fa-caret-right fa-w-6 fa-3x"
      data-icon="caret-right"
      data-prefix="fas"
      focusable="false"
      role="img"
      viewBox="0 0 192 512"
      xmlns="http://www.w3.org/2000/svg"
    >
      <path
        class=""
        d="M0 384.662V127.338c0-17.818 21.543-26.741 34.142-14.142l128.662 128.662c7.81 7.81 7.81 20.474 0 28.284L34.142 398.804C21.543 411.404 0 402.48 0 384.662z"
        fill="currentColor"
      />
    </svg>
     
    <transition-stub
      enteractiveclass=""
      mode="out-in"
    >
      <img
        alt="Chimeratech Overdragon"
        class="img-fluid l-image-big"
        src="https://res.cloudinary.com/georgeletsos/image/upload/v1584279250/lightning_ygo_api/card_images/big/64599569.jpg"
      />
    </transition-stub>
  </div>
   
  <div
    id="l-card-data"
  >
    <div
      id="l-card-name-level-attr"
    >
      <div
        class="l-card-info-box"
      >
        <div
          class="l-card-info-inner-box"
        >
          <div
            class="card-name"
          >
            Chimeratech Overdragon
          </div>
           
          <hr />
           
          <div
            class="d-flex"
          >
            <div
              class="l-monster-level"
            >
              <img
                alt="Level"
                class="img-fluid"
                src=""
              />
              9
            
            </div>
             
            <div
              class="l-monster-attr"
            >
              <img
                alt="Attribute"
                class="img-fluid"
                src=""
              />
              DARK
            
            </div>
          </div>
        </div>
      </div>
    </div>
     
    <div
      id="l-card-type-text-stats"
    >
      <div
        class="l-card-info-box"
      >
        <div
          class="l-card-info-inner-box"
        >
          <div
            class="l-monster-types"
          >
            
            [Machine/Fusion/Effect]
          
          </div>
           
          <div
            class="l-card-text"
          >
            
            "Cyber Dragon" + 1+ Machine monsters
Must be Fusion Summoned. If this card is Fusion Summoned: Send all other cards you control to the GY. The original ATK/DEF of this card each become equal to the number of Fusion Materials used for its Fusion Summon x 800. Each turn, this card can attack your opponent's monsters a number of times equal to the number of Fusion Materials used for its Fusion Summon.
          
          </div>
           
          <div
            class="l-monster-stats"
          >
            
            ATK/? DEF/?
          
          </div>
        </div>
      </div>
    </div>
  </div>
</div>
`;
